// Jest Snapshot v1, https://goo.gl/fbAQLP

exports[`component Composer: should correspond to its snapshot counterpart 1`] = `
<section
  className="composer"
>
  <img
    src="/images/homer.png"
  />
  <form
    onSubmit={[Function]}
  >
    <textarea
      onChange={[Function]}
      onKeyPress={[Function]}
      placeholder="What's on your mind, Homer?"
      value=""
    />
    <input
      type="submit"
      value="Post"
    />
  </form>
</section>
`;

exports[`component Composer: should handle form "submit" event 1`] = `"<section class=\\"composer\\"><img src=\\"/images/homer.png\\"><form><textarea placeholder=\\"What's on your mind, Homer?\\"></textarea><input type=\\"submit\\" value=\\"Post\\"></form></section>"`;

exports[`component Composer: should handle form submission on <textarea> Enter "keypress" event 1`] = `"<section class=\\"composer\\"><img src=\\"/images/homer.png\\"><form><textarea placeholder=\\"What's on your mind, Homer?\\"></textarea><input type=\\"submit\\" value=\\"Post\\"></form></section>"`;

exports[`component Composer: should handle textarea "change" event 1`] = `"<section class=\\"composer\\"><img src=\\"/images/homer.png\\"><form><textarea placeholder=\\"What's on your mind, Homer?\\">Merry christmas</textarea><input type=\\"submit\\" value=\\"Post\\"></form></section>"`;

exports[`component Composer: should respond to state change properly 1`] = `"<section class=\\"composer\\"><img src=\\"/images/homer.png\\"><form><textarea placeholder=\\"What's on your mind, Homer?\\">Merry christmas</textarea><input type=\\"submit\\" value=\\"Post\\"></form></section>"`;

exports[`component Composer: should respond to state change properly 2`] = `"<section class=\\"composer\\"><img src=\\"/images/homer.png\\"><form><textarea placeholder=\\"What's on your mind, Homer?\\"></textarea><input type=\\"submit\\" value=\\"Post\\"></form></section>"`;
